
R version 3.1.3 (2015-03-09) -- "Smooth Sidewalk"
Copyright (C) 2015 The R Foundation for Statistical Computing
Platform: x86_64-unknown-linux-gnu (64-bit)

R is free software and comes with ABSOLUTELY NO WARRANTY.
You are welcome to redistribute it under certain conditions.
Type 'license()' or 'licence()' for distribution details.

  Natural language support but running in an English locale

R is a collaborative project with many contributors.
Type 'contributors()' for more information and
'citation()' on how to cite R or R packages in publications.

Type 'demo()' for some demos, 'help()' for on-line help, or
'help.start()' for an HTML browser interface to help.
Type 'q()' to quit R.

> library(e1071);
> library(randomForest);
randomForest 4.6-10
Type rfNews() to see new features/changes/bug fixes.
> library(topicmodels);
> #Normalize features of dataset
> normalize<-function(data){
+ 	cols<-ncol(data);
+ 	for(i in 1:cols){
+ 		if(is.numeric(data[,i]))data[,i]<-data[,i]/sum(data[,i]);
+ 	}
+ 	return(data);
+ }
> #Randomize the rows of dataset
> randomize<-function(data){
+ 	length<-nrow(data);
+ 	indices<-1:length;
+ 	rindices<-sample(indices,length,replace=F);
+ 	data<-data[rindices,];
+ 	return(data);
+ }
> #This function does cross-validation
> #input data	datamatrix
> #input method	randomForest,SVM,naiveBayes,etc
> #input K	K-foldvalidation
> #return		confusion matrices of each fold
> cross_validation<-function(data,method,K=10){
+ 	#Calculate matrix length and size
+ 	length<-nrow(data);
+ 	partitionSize<-floor(length/K);
+ 	#Confusion Matrix
+ 	confusionMatrices<-list();
+ 	#List of models
+ 	models<-list()
+ 	#Normalize Data
+ 	data<-normalize(data);
+ 	#Shuffle Data
+ 	randomData<-randomize(data);
+ 	#Perform Cross-Validation
+ 	for(k in 1:K){
+ 		# Debug
+ 		print(sprintf('K-Fold: %d',k));
+ 		#Get Traning Set
+ 		startIdx<-(k-1)*partitionSize+1;
+ 		indices<-startIdx:(startIdx+partitionSize-1);
+ 		trainset<-randomData[-indices,];
+ 		testset<-randomData[indices,];
+ 		#Train Data
+ 		ifelse(method=='svm',
+ 			model<-svm(class~.,data=trainset,kernel=svm.kernel,
+ 				gamma=svm.gamma,cost=svm.cost),
+ 			ifelse(method=='naiveBayes',
+ 				model<-naiveBayes(class~.,data=trainset),
+ 				model<-randomForest(class~.,data=trainset,mtry=rf.mtry)
+ 		));
+ 		prediction<-predict(model,testset);
+ 		#Construct Confusion Matrix
+ 		tab<-table(actual=testset[,1],predicted=prediction);
+ 		confusionMatrices[[k]]<-tab;
+ 		models[[k]]<-model;
+ 	}
+ 	return(list(confusionMatrices=confusionMatrices,models=models));
+ }
> #This function produce per class performance matrix from confusion matrix
> #input matrix confusionmatrix
> measure_performance<-function(mat){
+ 	#Get Size of Matrix
+ 	size<-nrow(mat);
+ 	#Initialize Result
+ 	result<-matrix(,nrow=size,ncol=6);
+ 	col_names<-c('TP','FN','FP','Recall','Precision','F-measure');
+ 	row_names<-rownames(mat);
+ 	colnames(result)<-col_names;
+ 	rownames(result)<-row_names;
+ 	#Iterate over all class
+ 	for(c in 1:size){
+ 	#Calculate Performance Metrics
+ 		TP<-mat[c,c];
+ 		FN<-sum(mat[c,-c]);
+ 		FP<-sum(mat[-c,c]);
+ 		recall<-TP/(TP+FN);
+ 		precision<-TP/(TP+FP);
+ 		fmeasure<-(2*precision*recall)/(precision+recall);
+ 		#SaveToResult
+ 		result[c,1]<-TP;result[c,2]<-FN;result[c,3]<-FP;
+ 		result[c,4]<-recall;result[c,5]<-precision;
+ 		result[c,6]<-fmeasure;
+ 	}
+ 	return(result);
+ }
> #This function produce the overall performance matrix
> #input matrix per class performance matrix
> #return over all performance matrix
> get_overall_performance<-function(mat){
+ 	result<-matrix(0,nrow=2,ncol=3);
+ 	col_names<-c('Recall','Precision','F-measure');
+ 	row_names<-c('micro-avg','macro-avg');
+ 	colnames(result)<-col_names;
+ 	rownames(result)<-row_names;
+ 	#Micro Averaging
+ 	TP<-sum(mat[,1]);
+ 	FN<-sum(mat[,2]);
+ 	FP<-sum(mat[,3]);
+ 	result[1,1]<-TP/(TP+FN);
+ 	result[1,2]<-TP/(TP+FP);
+ 	result[1,3]<-2*result[1,2]*result[1,1]/(result[1,1]+result[1,2]);
+ 	#Macro Averaging
+ 	result[2,1]<-mean(mat[,4],na.rm=T);
+ 	result[2,2]<-mean(mat[,5],na.rm=T);
+ 	result[2,3]<-mean(mat[,6],na.rm=T);
+ 	return(result);
+ }
> # Fetch Command Line Arguments
> args <- commandArgs(trailingOnly=T)
> ifelse(length(args) > 1, method<-args[1], method<-'naiveBayes')
[1] "svm"
> print(sprintf("Method: %s",method))
[1] "Method: svm"
> if(method == 'svm'){
+ 	if(length(args) == 4){
+ 		svm.kernel = args[2]
+ 		svm.gamma = as.numeric(args[3])
+ 		svm.cost = as.numeric(args[4])
+ 	}
+ 	else{
+ 		svm.kernel='radial'
+ 		svm.gamma = 0.01
+ 		svm.cost = 10000
+ 	}
+ 	print(sprintf("Settings: Kernel:%s Gamma:%f Cost:%f",
+ 		svm.kernel,svm.gamma,svm.cost))
+ }
[1] "Settings: Kernel:linear Gamma:100.000000 Cost:0.001000"
> if(method == 'randomForest'){
+ 	if(length(args) == 2){
+ 		rf.mtry = as.numeric(args[2])
+ 	}
+ 	else{
+ 		rf.mtry = 4
+ 	}
+ 	print(sprintf("Settings: mtry:%f",rf.mtry))
+ }
> 
> #Prepare Data
> data<-read.csv('./doc_tags.csv',header=T);
> load('./lda.Rdata');
> load('./dtm.Rdata');
> 
> print('Preparing Data.')
[1] "Preparing Data."
> # Add prefix to feature names
> colnames(dtm)<-paste0('feature.',colnames(dtm))
> # Convert topic models to strings
> doc.topics<-sapply(topics(lda),as.character);
> 
> # Extract the purpose and tags column
> data<-data[,colnames(data) %in% c('purpose','tags')];
> # Combine Tags with features
> data<-cbind(data,doc.topics,dtm);
> 
> # Preparing class column
> colnames(data)[2]<-'class'; # Replace Class Name
> data$class<-sapply(data$class,as.character); # Convert to characters
> data$class<-factor(data$class); # Factorize class
> 
> # Convert to data frame
> data<-as.data.frame(data);
> 
> #Separate Training and Testing Set
> train_set<-subset(data,purpose == 'train'); # Get Training Set
> test_set<-subset(data,purpose == 'test'); # Get Training Set
> train_set<-train_set[,2:dim(data)[2]]; # Remove Purpose Column
> test_set<-test_set[,2:dim(data)[2]]; # Remove Purpose Column
> #Do cross validation
> K<-10;
> print(sprintf('Starting %d-fold cross validation',K));
[1] "Starting 10-fold cross validation"
> result<-cross_validation(train_set,method,K=K);
[1] "K-Fold: 1"
[1] "K-Fold: 2"
[1] "K-Fold: 3"
[1] "K-Fold: 4"
[1] "K-Fold: 5"
[1] "K-Fold: 6"
[1] "K-Fold: 7"
[1] "K-Fold: 8"
[1] "K-Fold: 9"
[1] "K-Fold: 10"
> confusionMatrices<-result$confusionMatrices;
> models<-result$models;
> 
> #Start Evaluation
> print('Evaluation on training set')
[1] "Evaluation on training set"
> #Do Micro Averaging
> overallConfusionMatrix<-confusionMatrices[[1]];
> for(i in 2:length(confusionMatrices)){
+ 	overallConfusionMatrix<-overallConfusionMatrix+confusionMatrices[[i]];
+ }
> accuracy<-sum(diag(overallConfusionMatrix))/sum(overallConfusionMatrix);
> performanceMatrix<-measure_performance(overallConfusionMatrix);
> print("Result of Micro-Averaging");
[1] "Result of Micro-Averaging"
> print(performanceMatrix);
      TP  FN  FP    Recall Precision F-measure
110  108  86  49 0.5567010 0.6878981 0.6153846
128  243  82  60 0.7476923 0.8019802 0.7738854
132    0 199   0 0.0000000       NaN       NaN
2   1413  71 314 0.9521563 0.8181818 0.8800997
21     0 161   5 0.0000000 0.0000000       NaN
30   234 109  47 0.6822157 0.8327402 0.7500000
37  2547 168 232 0.9381215 0.9165167 0.9271933
47   323  75 350 0.8115578 0.4799406 0.6031746
57    97 185  50 0.3439716 0.6598639 0.4522145
75   329 120 149 0.7327394 0.6882845 0.7098166
> print(get_overall_performance(performanceMatrix));
             Recall Precision F-measure
micro-avg 0.8082443 0.8082443 0.8082443
macro-avg 0.5765156 0.6539340 0.7139711
> print(sprintf("Accuracy:%f",accuracy));
[1] "Accuracy:0.808244"
> #Do Macro Averaging
> accuracies<-1:K*0;
> overallPerformanceMatrix<-measure_performance(confusionMatrices[[1]]);
> accuracies[1]<-sum(diag(confusionMatrices[[1]]))/sum(confusionMatrices[[1]]);
> for(i in 2:length(confusionMatrices)){
+ 	performanceMatrix<-measure_performance(confusionMatrices[[i]]);
+ 	overallPerformanceMatrix<-overallPerformanceMatrix+performanceMatrix;
+ 	accuracies[i]<-sum(diag(confusionMatrices[[i]]))/sum(confusionMatrices[[i]]);
+ }
> overallPerformanceMatrix[,4:6]<-overallPerformanceMatrix[,4:6]/K;
> print("Result of Macro-Averaing");
[1] "Result of Macro-Averaing"
> print(overallPerformanceMatrix);
      TP  FN  FP    Recall Precision F-measure
110  108  86  49 0.5500919 0.6796218 0.6064483
128  243  82  60 0.7505336 0.8039292 0.7729829
132    0 199   0 0.0000000       NaN       NaN
2   1413  71 314 0.9520196 0.8182020 0.8797536
21     0 161   5 0.0000000       NaN       NaN
30   234 109  47 0.6855364 0.8394881 0.7490493
37  2547 168 232 0.9380934 0.9165659 0.9270069
47   323  75 350 0.8118731 0.4789266 0.6004380
57    97 185  50 0.3580028 0.6578997 0.4516638
75   329 120 149 0.7325295 0.6931433 0.7095666
> print(get_overall_performance(overallPerformanceMatrix));
             Recall Precision F-measure
micro-avg 0.8082443 0.8082443 0.8082443
macro-avg 0.5778680 0.7359721 0.7121137
> std_accuracy<-sqrt(var(accuracies));
> mean_accuracy<-mean(accuracies);
> print(sprintf("MeanAccuracy=%f",mean_accuracy));
[1] "MeanAccuracy=0.808244"
> print(sprintf("99%% ConfidenceInterval[%f,%f]",
+ 	mean_accuracy-2.58*std_accuracy,
+ 	mean_accuracy+2.58*std_accuracy));
[1] "99% ConfidenceInterval[0.775699,0.840789]"
> print(sprintf("95%% ConfidenceInterval[%f,%f]",
+ 	mean_accuracy-1.96*std_accuracy,
+ 	mean_accuracy+1.96*std_accuracy));
[1] "95% ConfidenceInterval[0.783520,0.832968]"
> print(sprintf("90%% ConfidenceInterval[%f,%f]",
+ 	mean_accuracy-1.64*std_accuracy,
+ 	mean_accuracy+1.64*std_accuracy));
[1] "90% ConfidenceInterval[0.787557,0.828932]"
> 
> #Evaluation on test set
> print('Evaluation on test set')
[1] "Evaluation on test set"
> #Find best model
> accuracy_rank<-rank(-accuracies);
> best_model<-models[accuracy_rank==1][[1]];
Error in models[accuracy_rank == 1][[1]] : subscript out of bounds
Execution halted
